// Vitest Snapshot v1, https://vitest.dev/guide/snapshot.html

exports[`should match snapshot 1`] = `
<div>
  <div
    class="rounded-lg border-4 border-black bg-white undefined"
  >
    Card children
  </div>
</div>
`;
